Category: 📺央视频道, Name: CCTV-1, Total: 6, Valid: 0, Valid Percent: 0.00%, IPv4: 6, IPv6: 0, Min Delay: -1 ms, Max Speed: 0.00 M/s, Avg Speed: 0.00 M/s, Max Resolution: None
Category: 📺央视频道, Name: CCTV-3, Total: 4, Valid: 0, Valid Percent: 0.00%, IPv4: 4, IPv6: 0, Min Delay: -1 ms, Max Speed: 0.00 M/s, Avg Speed: 0.00 M/s, Max Resolution: None
Category: 📺央视频道, Name: CCTV-5+, Total: 4, Valid: 0, Valid Percent: 0.00%, IPv4: 4, IPv6: 0, Min Delay: -1 ms, Max Speed: 0.00 M/s, Avg Speed: 0.00 M/s, Max Resolution: None
Category: 📺央视频道, Name: CCTV-4, Total: 5, Valid: 1, Valid Percent: 20.00%, IPv4: 5, IPv6: 0, Min Delay: 10248 ms, Max Speed: 0.28 M/s, Avg Speed: 0.28 M/s, Max Resolution: 1920x1080
Category: 📺央视频道, Name: CCTV-11, Total: 5, Valid: 0, Valid Percent: 0.00%, IPv4: 5, IPv6: 0, Min Delay: -1 ms, Max Speed: 0.00 M/s, Avg Speed: 0.00 M/s, Max Resolution: None
Category: 📺央视频道, Name: CCTV-12, Total: 6, Valid: 0, Valid Percent: 0.00%, IPv4: 6, IPv6: 0, Min Delay: -1 ms, Max Speed: 0.00 M/s, Avg Speed: 0.00 M/s, Max Resolution: None
Category: 📺央视频道, Name: CCTV-13, Total: 8, Valid: 0, Valid Percent: 0.00%, IPv4: 8, IPv6: 0, Min Delay: -1 ms, Max Speed: 0.00 M/s, Avg Speed: 0.00 M/s, Max Resolution: None
Category: 📺央视频道, Name: CCTV-2, Total: 8, Valid: 2, Valid Percent: 25.00%, IPv4: 8, IPv6: 0, Min Delay: 521 ms, Max Speed: 6.40 M/s, Avg Speed: 3.56 M/s, Max Resolution: 1280x720
Category: 📺央视频道, Name: CCTV-5, Total: 7, Valid: 1, Valid Percent: 14.29%, IPv4: 7, IPv6: 0, Min Delay: 190 ms, Max Speed: 10.11 M/s, Avg Speed: 10.11 M/s, Max Resolution: 1280x720
Category: 📺央视频道, Name: CCTV-7, Total: 9, Valid: 4, Valid Percent: 44.44%, IPv4: 9, IPv6: 0, Min Delay: 288 ms, Max Speed: 9.42 M/s, Avg Speed: 2.55 M/s, Max Resolution: 1920x1080
Category: 📺央视频道, Name: CCTV-6, Total: 7, Valid: 1, Valid Percent: 14.29%, IPv4: 7, IPv6: 0, Min Delay: 259 ms, Max Speed: 12.08 M/s, Avg Speed: 12.08 M/s, Max Resolution: 1280x720
Category: 📺央视频道, Name: CCTV-15, Total: 7, Valid: 2, Valid Percent: 28.57%, IPv4: 7, IPv6: 0, Min Delay: 203 ms, Max Speed: 10.87 M/s, Avg Speed: 5.53 M/s, Max Resolution: 1280x720
Category: 📺央视频道, Name: CCTV-16, Total: 4, Valid: 1, Valid Percent: 25.00%, IPv4: 4, IPv6: 0, Min Delay: 1027 ms, Max Speed: 0.45 M/s, Avg Speed: 0.45 M/s, Max Resolution: 1920x1080
Category: 📺央视频道, Name: CCTV-8, Total: 5, Valid: 1, Valid Percent: 20.00%, IPv4: 5, IPv6: 0, Min Delay: 176 ms, Max Speed: 6.10 M/s, Avg Speed: 6.10 M/s, Max Resolution: 1280x720
Category: 📺央视频道, Name: CCTV-17, Total: 6, Valid: 2, Valid Percent: 33.33%, IPv4: 6, IPv6: 0, Min Delay: 228 ms, Max Speed: 12.41 M/s, Avg Speed: 6.42 M/s, Max Resolution: 1920x1080
Category: 📺央视频道, Name: CCTV-9, Total: 6, Valid: 1, Valid Percent: 16.67%, IPv4: 6, IPv6: 0, Min Delay: 217 ms, Max Speed: 8.43 M/s, Avg Speed: 8.43 M/s, Max Resolution: 1280x720
Category: 💰央视付费频道, Name: 风云音乐, Total: 3, Valid: 1, Valid Percent: 33.33%, IPv4: 3, IPv6: 0, Min Delay: 156 ms, Max Speed: 4.27 M/s, Avg Speed: 4.27 M/s, Max Resolution: 1280x720
Category: 📺央视频道, Name: CCTV-10, Total: 7, Valid: 1, Valid Percent: 14.29%, IPv4: 7, IPv6: 0, Min Delay: 139 ms, Max Speed: 5.76 M/s, Avg Speed: 5.76 M/s, Max Resolution: 1280x720
Category: 💰央视付费频道, Name: 第一剧场, Total: 3, Valid: 1, Valid Percent: 33.33%, IPv4: 3, IPv6: 0, Min Delay: 122 ms, Max Speed: 4.67 M/s, Avg Speed: 4.67 M/s, Max Resolution: 1280x720
Category: 💰央视付费频道, Name: 女性时尚, Total: 2, Valid: 0, Valid Percent: 0.00%, IPv4: 2, IPv6: 0, Min Delay: -1 ms, Max Speed: 0.00 M/s, Avg Speed: 0.00 M/s, Max Resolution: None
Category: 💰央视付费频道, Name: 电视指南, Total: 2, Valid: 0, Valid Percent: 0.00%, IPv4: 2, IPv6: 0, Min Delay: -1 ms, Max Speed: 0.00 M/s, Avg Speed: 0.00 M/s, Max Resolution: None
Category: 💰央视付费频道, Name: 风云剧场, Total: 2, Valid: 1, Valid Percent: 50.00%, IPv4: 2, IPv6: 0, Min Delay: 2047 ms, Max Speed: 0.16 M/s, Avg Speed: 0.16 M/s, Max Resolution: 1280x720
Category: 💰央视付费频道, Name: 怀旧剧场, Total: 4, Valid: 1, Valid Percent: 25.00%, IPv4: 4, IPv6: 0, Min Delay: 1362 ms, Max Speed: 0.19 M/s, Avg Speed: 0.19 M/s, Max Resolution: 1280x720
Category: 💰央视付费频道, Name: 世界地理, Total: 3, Valid: 1, Valid Percent: 33.33%, IPv4: 3, IPv6: 0, Min Delay: 1356 ms, Max Speed: 0.18 M/s, Avg Speed: 0.18 M/s, Max Resolution: 1280x720
Category: 📺央视频道, Name: CCTV-14, Total: 9, Valid: 2, Valid Percent: 22.22%, IPv4: 9, IPv6: 0, Min Delay: 299 ms, Max Speed: 7.86 M/s, Avg Speed: 4.08 M/s, Max Resolution: 1920x1080
Category: 📺央视频道, Name: CETV-2, Total: 4, Valid: 0, Valid Percent: 0.00%, IPv4: 4, IPv6: 0, Min Delay: -1 ms, Max Speed: 0.00 M/s, Avg Speed: 0.00 M/s, Max Resolution: None
Category: 📺央视频道, Name: CETV-4, Total: 5, Valid: 0, Valid Percent: 0.00%, IPv4: 5, IPv6: 0, Min Delay: -1 ms, Max Speed: 0.00 M/s, Avg Speed: 0.00 M/s, Max Resolution: None
Category: 📺央视频道, Name: CETV-1, Total: 5, Valid: 0, Valid Percent: 0.00%, IPv4: 5, IPv6: 0, Min Delay: -1 ms, Max Speed: 0.00 M/s, Avg Speed: 0.00 M/s, Max Resolution: None
Category: 📡卫视频道, Name: 湖北卫视, Total: 4, Valid: 0, Valid Percent: 0.00%, IPv4: 4, IPv6: 0, Min Delay: -1 ms, Max Speed: 0.00 M/s, Avg Speed: 0.00 M/s, Max Resolution: None
Category: 📡卫视频道, Name: 广东卫视, Total: 5, Valid: 2, Valid Percent: 40.00%, IPv4: 5, IPv6: 0, Min Delay: 326 ms, Max Speed: 12.45 M/s, Avg Speed: 6.32 M/s, Max Resolution: 1920x1080
Category: 📡卫视频道, Name: 浙江卫视, Total: 5, Valid: 2, Valid Percent: 40.00%, IPv4: 5, IPv6: 0, Min Delay: 369 ms, Max Speed: 11.98 M/s, Avg Speed: 6.05 M/s, Max Resolution: 1920x1080
Category: 📡卫视频道, Name: 香港卫视, Total: 1, Valid: 0, Valid Percent: 0.00%, IPv4: 1, IPv6: 0, Min Delay: -1 ms, Max Speed: 0.00 M/s, Avg Speed: 0.00 M/s, Max Resolution: None
Category: 📡卫视频道, Name: 重庆卫视, Total: 5, Valid: 0, Valid Percent: 0.00%, IPv4: 5, IPv6: 0, Min Delay: -1 ms, Max Speed: 0.00 M/s, Avg Speed: 0.00 M/s, Max Resolution: None
Category: 📡卫视频道, Name: 甘肃卫视, Total: 2, Valid: 1, Valid Percent: 50.00%, IPv4: 2, IPv6: 0, Min Delay: 253 ms, Max Speed: 16.99 M/s, Avg Speed: 16.99 M/s, Max Resolution: 1920x1080
Category: 📡卫视频道, Name: 东方卫视, Total: 8, Valid: 3, Valid Percent: 37.50%, IPv4: 8, IPv6: 0, Min Delay: 292 ms, Max Speed: 14.53 M/s, Avg Speed: 9.67 M/s, Max Resolution: 1920x1080
Category: 📡卫视频道, Name: 东南卫视, Total: 4, Valid: 1, Valid Percent: 25.00%, IPv4: 4, IPv6: 0, Min Delay: 1854 ms, Max Speed: 0.12 M/s, Avg Speed: 0.12 M/s, Max Resolution: 1280x720
Category: 📡卫视频道, Name: 广西卫视, Total: 3, Valid: 1, Valid Percent: 33.33%, IPv4: 3, IPv6: 0, Min Delay: 1118 ms, Max Speed: 0.13 M/s, Avg Speed: 0.13 M/s, Max Resolution: 1280x720
Category: 💰央视付费频道, Name: 风云足球, Total: 3, Valid: 1, Valid Percent: 33.33%, IPv4: 3, IPv6: 0, Min Delay: 1569 ms, Max Speed: 0.11 M/s, Avg Speed: 0.11 M/s, Max Resolution: 1280x720
Category: 📡卫视频道, Name: 北京卫视, Total: 7, Valid: 4, Valid Percent: 57.14%, IPv4: 7, IPv6: 0, Min Delay: 51 ms, Max Speed: 12.16 M/s, Avg Speed: 3.72 M/s, Max Resolution: 1920x1080
Category: 📡卫视频道, Name: 海南卫视, Total: 4, Valid: 0, Valid Percent: 0.00%, IPv4: 4, IPv6: 0, Min Delay: -1 ms, Max Speed: 0.00 M/s, Avg Speed: 0.00 M/s, Max Resolution: None
Category: 📡卫视频道, Name: 安徽卫视, Total: 6, Valid: 3, Valid Percent: 50.00%, IPv4: 6, IPv6: 0, Min Delay: 1068 ms, Max Speed: 0.53 M/s, Avg Speed: 0.34 M/s, Max Resolution: 1920x1080
Category: 📡卫视频道, Name: 湖南卫视, Total: 9, Valid: 4, Valid Percent: 44.44%, IPv4: 9, IPv6: 0, Min Delay: 45 ms, Max Speed: 28.82 M/s, Avg Speed: 8.69 M/s, Max Resolution: 3840x2160
Category: 📡卫视频道, Name: 贵州卫视, Total: 5, Valid: 3, Valid Percent: 60.00%, IPv4: 5, IPv6: 0, Min Delay: 224 ms, Max Speed: 17.40 M/s, Avg Speed: 5.93 M/s, Max Resolution: 1920x1080
Category: 📡卫视频道, Name: 黑龙江卫视, Total: 3, Valid: 2, Valid Percent: 66.67%, IPv4: 3, IPv6: 0, Min Delay: 131 ms, Max Speed: 4.27 M/s, Avg Speed: 2.14 M/s, Max Resolution: 1280x720
Category: 📡卫视频道, Name: 内蒙古卫视, Total: 2, Valid: 0, Valid Percent: 0.00%, IPv4: 2, IPv6: 0, Min Delay: -1 ms, Max Speed: 0.00 M/s, Avg Speed: 0.00 M/s, Max Resolution: None
Category: 📡卫视频道, Name: 吉林卫视, Total: 5, Valid: 2, Valid Percent: 40.00%, IPv4: 5, IPv6: 0, Min Delay: 127 ms, Max Speed: 4.28 M/s, Avg Speed: 2.15 M/s, Max Resolution: 1280x720
Category: 📡卫视频道, Name: 河北卫视, Total: 5, Valid: 2, Valid Percent: 40.00%, IPv4: 5, IPv6: 0, Min Delay: 10313 ms, Max Speed: 0.43 M/s, Avg Speed: 0.25 M/s, Max Resolution: 1920x1080
Category: 📡卫视频道, Name: 宁夏卫视, Total: 3, Valid: 1, Valid Percent: 33.33%, IPv4: 3, IPv6: 0, Min Delay: 1010 ms, Max Speed: 0.43 M/s, Avg Speed: 0.43 M/s, Max Resolution: 1920x1080
Category: 📡卫视频道, Name: 河南卫视, Total: 6, Valid: 2, Valid Percent: 33.33%, IPv4: 6, IPv6: 0, Min Delay: 5293 ms, Max Speed: 0.88 M/s, Avg Speed: 0.46 M/s, Max Resolution: 1920x1080
Category: 📡卫视频道, Name: 青海卫视, Total: 4, Valid: 1, Valid Percent: 25.00%, IPv4: 4, IPv6: 0, Min Delay: 686 ms, Max Speed: 1.34 M/s, Avg Speed: 1.34 M/s, Max Resolution: 1280x720
Category: 📡卫视频道, Name: 陕西卫视, Total: 3, Valid: 0, Valid Percent: 0.00%, IPv4: 3, IPv6: 0, Min Delay: -1 ms, Max Speed: 0.00 M/s, Avg Speed: 0.00 M/s, Max Resolution: None
Category: 📡卫视频道, Name: 山西卫视, Total: 3, Valid: 1, Valid Percent: 33.33%, IPv4: 3, IPv6: 0, Min Delay: 1085 ms, Max Speed: 0.56 M/s, Avg Speed: 0.56 M/s, Max Resolution: 1280x720
Category: 📡卫视频道, Name: 四川卫视, Total: 4, Valid: 1, Valid Percent: 25.00%, IPv4: 4, IPv6: 0, Min Delay: 1085 ms, Max Speed: 0.44 M/s, Avg Speed: 0.44 M/s, Max Resolution: 1920x1080
Category: 📡卫视频道, Name: 江西卫视, Total: 5, Valid: 2, Valid Percent: 40.00%, IPv4: 5, IPv6: 0, Min Delay: 477 ms, Max Speed: 9.04 M/s, Avg Speed: 4.64 M/s, Max Resolution: 1920x1080
Category: 📡卫视频道, Name: 三沙卫视, Total: 4, Valid: 1, Valid Percent: 25.00%, IPv4: 4, IPv6: 0, Min Delay: 1008 ms, Max Speed: 0.62 M/s, Avg Speed: 0.62 M/s, Max Resolution: 1280x720
Category: 📡卫视频道, Name: 西藏卫视, Total: 1, Valid: 0, Valid Percent: 0.00%, IPv4: 1, IPv6: 0, Min Delay: -1 ms, Max Speed: 0.00 M/s, Avg Speed: 0.00 M/s, Max Resolution: None
Category: 📡卫视频道, Name: 天津卫视, Total: 4, Valid: 1, Valid Percent: 25.00%, IPv4: 4, IPv6: 0, Min Delay: 1005 ms, Max Speed: 0.45 M/s, Avg Speed: 0.45 M/s, Max Resolution: 1920x1080
Category: 📡卫视频道, Name: 辽宁卫视, Total: 9, Valid: 3, Valid Percent: 33.33%, IPv4: 9, IPv6: 0, Min Delay: 186 ms, Max Speed: 4.05 M/s, Avg Speed: 1.54 M/s, Max Resolution: 1920x1080
Category: 📡卫视频道, Name: 江苏卫视, Total: 7, Valid: 2, Valid Percent: 28.57%, IPv4: 7, IPv6: 0, Min Delay: 220 ms, Max Speed: 4.12 M/s, Avg Speed: 2.18 M/s, Max Resolution: 1920x1080
Category: ☘️广东频道, Name: 广东卫视, Total: 1, Valid: 0, Valid Percent: 0.00%, IPv4: 1, IPv6: 0, Min Delay: -1 ms, Max Speed: 0.00 M/s, Avg Speed: 0.00 M/s, Max Resolution: None
Category: 📡卫视频道, Name: 云南卫视, Total: 6, Valid: 1, Valid Percent: 16.67%, IPv4: 6, IPv6: 0, Min Delay: 1034 ms, Max Speed: 0.22 M/s, Avg Speed: 0.22 M/s, Max Resolution: 1280x720
Category: ☘️广东频道, Name: 广东珠江, Total: 1, Valid: 0, Valid Percent: 0.00%, IPv4: 1, IPv6: 0, Min Delay: -1 ms, Max Speed: 0.00 M/s, Avg Speed: 0.00 M/s, Max Resolution: None
Category: 📡卫视频道, Name: 新疆卫视, Total: 3, Valid: 2, Valid Percent: 66.67%, IPv4: 3, IPv6: 0, Min Delay: 163 ms, Max Speed: 3.01 M/s, Avg Speed: 1.62 M/s, Max Resolution: 1920x1080
Category: 📡卫视频道, Name: 深圳卫视, Total: 7, Valid: 3, Valid Percent: 42.86%, IPv4: 7, IPv6: 0, Min Delay: 1004 ms, Max Speed: 0.59 M/s, Avg Speed: 0.27 M/s, Max Resolution: 1920x1080
Category: 📡卫视频道, Name: 山东卫视, Total: 6, Valid: 4, Valid Percent: 66.67%, IPv4: 6, IPv6: 0, Min Delay: 1028 ms, Max Speed: 0.46 M/s, Avg Speed: 0.24 M/s, Max Resolution: 1920x1080
Category: ☘️浙江频道, Name: 浙江生活, Total: 3, Valid: 3, Valid Percent: 100.00%, IPv4: 3, IPv6: 0, Min Delay: 1671 ms, Max Speed: 0.33 M/s, Avg Speed: 0.22 M/s, Max Resolution: 1920x1080
Category: ☘️广东频道, Name: 广东体育, Total: 2, Valid: 2, Valid Percent: 100.00%, IPv4: 2, IPv6: 0, Min Delay: 135 ms, Max Speed: 4.17 M/s, Avg Speed: 2.16 M/s, Max Resolution: 1920x1080
Category: ☘️浙江频道, Name: 浙江教育, Total: 3, Valid: 3, Valid Percent: 100.00%, IPv4: 3, IPv6: 0, Min Delay: 1095 ms, Max Speed: 0.26 M/s, Avg Speed: 0.18 M/s, Max Resolution: 1920x1080
Category: ☘️浙江频道, Name: 浙江新闻, Total: 3, Valid: 2, Valid Percent: 66.67%, IPv4: 3, IPv6: 0, Min Delay: 1079 ms, Max Speed: 0.22 M/s, Avg Speed: 0.16 M/s, Max Resolution: 1280x720
Category: ☘️浙江频道, Name: 浙江民生, Total: 2, Valid: 2, Valid Percent: 100.00%, IPv4: 2, IPv6: 0, Min Delay: 1623 ms, Max Speed: 0.32 M/s, Avg Speed: 0.28 M/s, Max Resolution: 1920x1080
Category: ☘️浙江频道, Name: 浙江钱江, Total: 4, Valid: 3, Valid Percent: 75.00%, IPv4: 4, IPv6: 0, Min Delay: 1689 ms, Max Speed: 0.42 M/s, Avg Speed: 0.18 M/s, Max Resolution: 1920x1080
Category: ☘️浙江频道, Name: 浙江教科, Total: 1, Valid: 1, Valid Percent: 100.00%, IPv4: 1, IPv6: 0, Min Delay: 1043 ms, Max Speed: 0.19 M/s, Avg Speed: 0.19 M/s, Max Resolution: 1920x1080
Category: ☘️浙江频道, Name: 之江纪录, Total: 1, Valid: 1, Valid Percent: 100.00%, IPv4: 1, IPv6: 0, Min Delay: 1019 ms, Max Speed: 0.18 M/s, Avg Speed: 0.18 M/s, Max Resolution: 1920x1080
Category: ☘️浙江频道, Name: 浙江少儿, Total: 6, Valid: 4, Valid Percent: 66.67%, IPv4: 6, IPv6: 0, Min Delay: 1045 ms, Max Speed: 0.38 M/s, Avg Speed: 0.22 M/s, Max Resolution: 1920x1080
Category: ☘️浙江频道, Name: 嘉兴新闻综合, Total: 1, Valid: 1, Valid Percent: 100.00%, IPv4: 1, IPv6: 0, Min Delay: 1110 ms, Max Speed: 1.07 M/s, Avg Speed: 1.07 M/s, Max Resolution: 1920x1080
Category: ☘️广东频道, Name: 江门综合, Total: 1, Valid: 0, Valid Percent: 0.00%, IPv4: 1, IPv6: 0, Min Delay: -1 ms, Max Speed: 0.00 M/s, Avg Speed: 0.00 M/s, Max Resolution: None
Category: ☘️浙江频道, Name: 浙江民生休闲, Total: 2, Valid: 1, Valid Percent: 50.00%, IPv4: 2, IPv6: 0, Min Delay: 1165 ms, Max Speed: 0.09 M/s, Avg Speed: 0.09 M/s, Max Resolution: 640x360
Category: ☘️浙江频道, Name: 浙江留学, Total: 2, Valid: 2, Valid Percent: 100.00%, IPv4: 2, IPv6: 0, Min Delay: 1097 ms, Max Speed: 0.23 M/s, Avg Speed: 0.16 M/s, Max Resolution: 1920x1080
Category: ☘️浙江频道, Name: 浙江教科影视, Total: 2, Valid: 1, Valid Percent: 50.00%, IPv4: 2, IPv6: 0, Min Delay: 1127 ms, Max Speed: 0.18 M/s, Avg Speed: 0.18 M/s, Max Resolution: 1920x1080
Category: ☘️浙江频道, Name: 象山综合, Total: 1, Valid: 1, Valid Percent: 100.00%, IPv4: 1, IPv6: 0, Min Delay: 699 ms, Max Speed: 4.79 M/s, Avg Speed: 4.79 M/s, Max Resolution: 1920x1080
Category: ☘️浙江频道, Name: 浙江国际, Total: 5, Valid: 2, Valid Percent: 40.00%, IPv4: 5, IPv6: 0, Min Delay: 1665 ms, Max Speed: 0.34 M/s, Avg Speed: 0.29 M/s, Max Resolution: 1920x1080
Category: ☘️浙江频道, Name: 浙江公共新闻, Total: 1, Valid: 1, Valid Percent: 100.00%, IPv4: 1, IPv6: 0, Min Delay: 1192 ms, Max Speed: 0.26 M/s, Avg Speed: 0.26 M/s, Max Resolution: 1920x1080
Category: ☘️浙江频道, Name: 浙江数码时代, Total: 1, Valid: 1, Valid Percent: 100.00%, IPv4: 1, IPv6: 0, Min Delay: 2482 ms, Max Speed: 0.29 M/s, Avg Speed: 0.29 M/s, Max Resolution: 1920x1080
Category: ☘️浙江频道, Name: 浙江经济生活, Total: 3, Valid: 1, Valid Percent: 33.33%, IPv4: 3, IPv6: 0, Min Delay: 10373 ms, Max Speed: 0.00 M/s, Avg Speed: 0.00 M/s, Max Resolution: None
Category: ☘️浙江频道, Name: 诸暨新闻综合, Total: 2, Valid: 1, Valid Percent: 50.00%, IPv4: 2, IPv6: 0, Min Delay: 10982 ms, Max Speed: 0.00 M/s, Avg Speed: 0.00 M/s, Max Resolution: None
Category: ☘️浙江频道, Name: 新昌新闻综合, Total: 2, Valid: 1, Valid Percent: 50.00%, IPv4: 2, IPv6: 0, Min Delay: 10319 ms, Max Speed: 0.01 M/s, Avg Speed: 0.01 M/s, Max Resolution: None
Category: ☘️浙江频道, Name: 苍南新闻综合, Total: 2, Valid: 1, Valid Percent: 50.00%, IPv4: 2, IPv6: 0, Min Delay: 10838 ms, Max Speed: 0.00 M/s, Avg Speed: 0.00 M/s, Max Resolution: None
Category: ☘️浙江频道, Name: 松阳综合, Total: 3, Valid: 2, Valid Percent: 66.67%, IPv4: 3, IPv6: 0, Min Delay: 10064 ms, Max Speed: 0.01 M/s, Avg Speed: 0.00 M/s, Max Resolution: None
Category: ☘️浙江频道, Name: 余姚新闻综合, Total: 1, Valid: 1, Valid Percent: 100.00%, IPv4: 1, IPv6: 0, Min Delay: 10284 ms, Max Speed: 0.07 M/s, Avg Speed: 0.07 M/s, Max Resolution: None
Category: ☘️浙江频道, Name: 余杭综合, Total: 1, Valid: 1, Valid Percent: 100.00%, IPv4: 1, IPv6: 0, Min Delay: 10786 ms, Max Speed: 0.00 M/s, Avg Speed: 0.00 M/s, Max Resolution: None
Category: ☘️浙江频道, Name: 余姚综合, Total: 3, Valid: 2, Valid Percent: 66.67%, IPv4: 3, IPv6: 0, Min Delay: 10105 ms, Max Speed: 0.02 M/s, Avg Speed: 0.01 M/s, Max Resolution: None
Category: ☘️浙江频道, Name: 中国蓝新闻, Total: 2, Valid: 2, Valid Percent: 100.00%, IPv4: 2, IPv6: 0, Min Delay: 1423 ms, Max Speed: 0.26 M/s, Avg Speed: 0.20 M/s, Max Resolution: 1920x1080
Category: ☘️浙江频道, Name: 庆元综合, Total: 5, Valid: 5, Valid Percent: 100.00%, IPv4: 5, IPv6: 0, Min Delay: 10292 ms, Max Speed: 0.03 M/s, Avg Speed: 0.01 M/s, Max Resolution: None
Category: ☘️浙江频道, Name: 余杭未来E, Total: 1, Valid: 1, Valid Percent: 100.00%, IPv4: 1, IPv6: 0, Min Delay: 10113 ms, Max Speed: 0.00 M/s, Avg Speed: 0.00 M/s, Max Resolution: 1920x1080
Category: ☘️浙江频道, Name: 上虞新闻综合, Total: 1, Valid: 1, Valid Percent: 100.00%, IPv4: 1, IPv6: 0, Min Delay: 3262 ms, Max Speed: 0.07 M/s, Avg Speed: 0.07 M/s, Max Resolution: 1920x1080
Category: ☘️浙江频道, Name: 上虞文化影院, Total: 1, Valid: 1, Valid Percent: 100.00%, IPv4: 1, IPv6: 0, Min Delay: 4777 ms, Max Speed: 0.06 M/s, Avg Speed: 0.06 M/s, Max Resolution: 1920x1080
Category: ☘️浙江频道, Name: 余姚姚江文化, Total: 2, Valid: 2, Valid Percent: 100.00%, IPv4: 2, IPv6: 0, Min Delay: 5708 ms, Max Speed: 0.13 M/s, Avg Speed: 0.07 M/s, Max Resolution: 1920x1080
Category: ☘️浙江频道, Name: 上虞新商都, Total: 2, Valid: 2, Valid Percent: 100.00%, IPv4: 2, IPv6: 0, Min Delay: 1877 ms, Max Speed: 0.14 M/s, Avg Speed: 0.10 M/s, Max Resolution: 1920x1080
Category: ☘️北京频道, Name: 北京卡酷少儿, Total: 2, Valid: 0, Valid Percent: 0.00%, IPv4: 2, IPv6: 0, Min Delay: -1 ms, Max Speed: 0.00 M/s, Avg Speed: 0.00 M/s, Max Resolution: None
Category: ☘️北京频道, Name: 北京财经, Total: 1, Valid: 0, Valid Percent: 0.00%, IPv4: 1, IPv6: 0, Min Delay: -1 ms, Max Speed: 0.00 M/s, Avg Speed: 0.00 M/s, Max Resolution: None
Category: ☘️北京频道, Name: 北京生活, Total: 2, Valid: 1, Valid Percent: 50.00%, IPv4: 2, IPv6: 0, Min Delay: 1216 ms, Max Speed: 0.07 M/s, Avg Speed: 0.07 M/s, Max Resolution: None
Category: ☘️上海频道, Name: 法治天地, Total: 3, Valid: 0, Valid Percent: 0.00%, IPv4: 3, IPv6: 0, Min Delay: -1 ms, Max Speed: 0.00 M/s, Avg Speed: 0.00 M/s, Max Resolution: None
Category: ☘️上海频道, Name: 都市剧场, Total: 1, Valid: 1, Valid Percent: 100.00%, IPv4: 1, IPv6: 0, Min Delay: 68 ms, Max Speed: 1.66 M/s, Avg Speed: 1.66 M/s, Max Resolution: None
Category: ☘️上海频道, Name: 上海第一财经, Total: 3, Valid: 1, Valid Percent: 33.33%, IPv4: 3, IPv6: 0, Min Delay: 66 ms, Max Speed: 1.71 M/s, Avg Speed: 1.71 M/s, Max Resolution: None
Category: ☘️上海频道, Name: 上海新闻综合, Total: 2, Valid: 0, Valid Percent: 0.00%, IPv4: 2, IPv6: 0, Min Delay: -1 ms, Max Speed: 0.00 M/s, Avg Speed: 0.00 M/s, Max Resolution: None
Category: ☘️北京频道, Name: 北京新闻, Total: 3, Valid: 1, Valid Percent: 33.33%, IPv4: 3, IPv6: 0, Min Delay: 62 ms, Max Speed: 1.80 M/s, Avg Speed: 1.80 M/s, Max Resolution: None
Category: ☘️上海频道, Name: 东方影视, Total: 1, Valid: 0, Valid Percent: 0.00%, IPv4: 1, IPv6: 0, Min Delay: -1 ms, Max Speed: 0.00 M/s, Avg Speed: 0.00 M/s, Max Resolution: None
Category: ☘️重庆频道, Name: 潼南综合, Total: 1, Valid: 1, Valid Percent: 100.00%, IPv4: 1, IPv6: 0, Min Delay: 2793 ms, Max Speed: 0.22 M/s, Avg Speed: 0.22 M/s, Max Resolution: 1920x1080
Category: ☘️上海频道, Name: 上海都市, Total: 1, Valid: 0, Valid Percent: 0.00%, IPv4: 1, IPv6: 0, Min Delay: -1 ms, Max Speed: 0.00 M/s, Avg Speed: 0.00 M/s, Max Resolution: None
Category: ☘️江苏频道, Name: 南京信息, Total: 1, Valid: 0, Valid Percent: 0.00%, IPv4: 1, IPv6: 0, Min Delay: -1 ms, Max Speed: 0.00 M/s, Avg Speed: 0.00 M/s, Max Resolution: None
Category: ☘️江苏频道, Name: 南京娱乐, Total: 1, Valid: 0, Valid Percent: 0.00%, IPv4: 1, IPv6: 0, Min Delay: -1 ms, Max Speed: 0.00 M/s, Avg Speed: 0.00 M/s, Max Resolution: None
Category: ☘️江苏频道, Name: 南京少儿, Total: 2, Valid: 0, Valid Percent: 0.00%, IPv4: 2, IPv6: 0, Min Delay: -1 ms, Max Speed: 0.00 M/s, Avg Speed: 0.00 M/s, Max Resolution: None
Category: ☘️上海频道, Name: 东方财经, Total: 1, Valid: 0, Valid Percent: 0.00%, IPv4: 1, IPv6: 0, Min Delay: -1 ms, Max Speed: 0.00 M/s, Avg Speed: 0.00 M/s, Max Resolution: None
Category: ☘️上海频道, Name: 新闻综合, Total: 3, Valid: 1, Valid Percent: 33.33%, IPv4: 3, IPv6: 0, Min Delay: 2254 ms, Max Speed: 0.58 M/s, Avg Speed: 0.58 M/s, Max Resolution: 1920x1080
Category: ☘️江苏频道, Name: 南京生活, Total: 1, Valid: 0, Valid Percent: 0.00%, IPv4: 1, IPv6: 0, Min Delay: -1 ms, Max Speed: 0.00 M/s, Avg Speed: 0.00 M/s, Max Resolution: None
Category: ☘️重庆频道, Name: 重庆汽摩, Total: 2, Valid: 2, Valid Percent: 100.00%, IPv4: 2, IPv6: 0, Min Delay: 4552 ms, Max Speed: 0.34 M/s, Avg Speed: 0.20 M/s, Max Resolution: 1920x1080
Category: ☘️上海频道, Name: 第一财经, Total: 3, Valid: 2, Valid Percent: 66.67%, IPv4: 3, IPv6: 0, Min Delay: 50 ms, Max Speed: 2.00 M/s, Avg Speed: 1.02 M/s, Max Resolution: None
Category: ☘️重庆频道, Name: 璧山综合, Total: 2, Valid: 0, Valid Percent: 0.00%, IPv4: 2, IPv6: 0, Min Delay: -1 ms, Max Speed: 0.00 M/s, Avg Speed: 0.00 M/s, Max Resolution: None
Category: ☘️重庆频道, Name: 江津新闻综合, Total: 2, Valid: 2, Valid Percent: 100.00%, IPv4: 2, IPv6: 0, Min Delay: 10270 ms, Max Speed: 0.07 M/s, Avg Speed: 0.05 M/s, Max Resolution: 1920x1080
Category: ☘️江苏频道, Name: 江苏城市, Total: 2, Valid: 0, Valid Percent: 0.00%, IPv4: 2, IPv6: 0, Min Delay: -1 ms, Max Speed: 0.00 M/s, Avg Speed: 0.00 M/s, Max Resolution: None
Category: ☘️江苏频道, Name: 南京十八, Total: 4, Valid: 0, Valid Percent: 0.00%, IPv4: 4, IPv6: 0, Min Delay: -1 ms, Max Speed: 0.00 M/s, Avg Speed: 0.00 M/s, Max Resolution: None
Category: ☘️江苏频道, Name: 南京教科, Total: 4, Valid: 0, Valid Percent: 0.00%, IPv4: 4, IPv6: 0, Min Delay: -1 ms, Max Speed: 0.00 M/s, Avg Speed: 0.00 M/s, Max Resolution: None
Category: ☘️江苏频道, Name: 泗阳资讯, Total: 2, Valid: 0, Valid Percent: 0.00%, IPv4: 2, IPv6: 0, Min Delay: -1 ms, Max Speed: 0.00 M/s, Avg Speed: 0.00 M/s, Max Resolution: None
Category: ☘️江苏频道, Name: 南京新闻综合, Total: 4, Valid: 0, Valid Percent: 0.00%, IPv4: 4, IPv6: 0, Min Delay: -1 ms, Max Speed: 0.00 M/s, Avg Speed: 0.00 M/s, Max Resolution: None
Category: ☘️江苏频道, Name: 南通新闻综合, Total: 2, Valid: 0, Valid Percent: 0.00%, IPv4: 2, IPv6: 0, Min Delay: -1 ms, Max Speed: 0.00 M/s, Avg Speed: 0.00 M/s, Max Resolution: None
Category: ☘️江苏频道, Name: 江宁新闻, Total: 1, Valid: 0, Valid Percent: 0.00%, IPv4: 1, IPv6: 0, Min Delay: -1 ms, Max Speed: 0.00 M/s, Avg Speed: 0.00 M/s, Max Resolution: None
Category: ☘️江苏频道, Name: 江苏影视, Total: 3, Valid: 0, Valid Percent: 0.00%, IPv4: 3, IPv6: 0, Min Delay: -1 ms, Max Speed: 0.00 M/s, Avg Speed: 0.00 M/s, Max Resolution: None
Category: ☘️江苏频道, Name: 江苏教育, Total: 3, Valid: 0, Valid Percent: 0.00%, IPv4: 3, IPv6: 0, Min Delay: -1 ms, Max Speed: 0.00 M/s, Avg Speed: 0.00 M/s, Max Resolution: None
Category: ☘️江苏频道, Name: 宜兴紫砂, Total: 1, Valid: 0, Valid Percent: 0.00%, IPv4: 1, IPv6: 0, Min Delay: -1 ms, Max Speed: 0.00 M/s, Avg Speed: 0.00 M/s, Max Resolution: None
Category: ☘️江苏频道, Name: 常熟民生, Total: 1, Valid: 0, Valid Percent: 0.00%, IPv4: 1, IPv6: 0, Min Delay: -1 ms, Max Speed: 0.00 M/s, Avg Speed: 0.00 M/s, Max Resolution: None
Category: ☘️江苏频道, Name: 泗洪新闻综合, Total: 1, Valid: 0, Valid Percent: 0.00%, IPv4: 1, IPv6: 0, Min Delay: -1 ms, Max Speed: 0.00 M/s, Avg Speed: 0.00 M/s, Max Resolution: None
Category: ☘️江苏频道, Name: 睢宁三农, Total: 1, Valid: 0, Valid Percent: 0.00%, IPv4: 1, IPv6: 0, Min Delay: -1 ms, Max Speed: 0.00 M/s, Avg Speed: 0.00 M/s, Max Resolution: None
Category: ☘️江苏频道, Name: 睢宁综合, Total: 2, Valid: 0, Valid Percent: 0.00%, IPv4: 2, IPv6: 0, Min Delay: -1 ms, Max Speed: 0.00 M/s, Avg Speed: 0.00 M/s, Max Resolution: None
Category: ☘️江苏频道, Name: 滨海新闻综合, Total: 1, Valid: 1, Valid Percent: 100.00%, IPv4: 1, IPv6: 0, Min Delay: 4279 ms, Max Speed: 0.36 M/s, Avg Speed: 0.36 M/s, Max Resolution: None
Category: ☘️江苏频道, Name: 泗阳综合, Total: 1, Valid: 0, Valid Percent: 0.00%, IPv4: 1, IPv6: 0, Min Delay: -1 ms, Max Speed: 0.00 M/s, Avg Speed: 0.00 M/s, Max Resolution: None
Category: ☘️江苏频道, Name: 赣榆新闻综合, Total: 3, Valid: 0, Valid Percent: 0.00%, IPv4: 3, IPv6: 0, Min Delay: -1 ms, Max Speed: 0.00 M/s, Avg Speed: 0.00 M/s, Max Resolution: None
Category: ☘️江苏频道, Name: 镇江二套社会民生, Total: 1, Valid: 1, Valid Percent: 100.00%, IPv4: 1, IPv6: 0, Min Delay: 1202 ms, Max Speed: 0.34 M/s, Avg Speed: 0.34 M/s, Max Resolution: 1920x1080
Category: ☘️江苏频道, Name: 涟水电视台综合, Total: 2, Valid: 0, Valid Percent: 0.00%, IPv4: 2, IPv6: 0, Min Delay: -1 ms, Max Speed: 0.00 M/s, Avg Speed: 0.00 M/s, Max Resolution: None
Category: ☘️湖北频道, Name: 湖北经视, Total: 1, Valid: 0, Valid Percent: 0.00%, IPv4: 1, IPv6: 0, Min Delay: -1 ms, Max Speed: 0.00 M/s, Avg Speed: 0.00 M/s, Max Resolution: None
Category: ☘️江苏频道, Name: 镇江新闻综合, Total: 5, Valid: 4, Valid Percent: 80.00%, IPv4: 5, IPv6: 0, Min Delay: 1122 ms, Max Speed: 0.36 M/s, Avg Speed: 0.34 M/s, Max Resolution: 1920x1080
Category: ☘️广西频道, Name: 南宁公共, Total: 1, Valid: 0, Valid Percent: 0.00%, IPv4: 1, IPv6: 0, Min Delay: -1 ms, Max Speed: 0.00 M/s, Avg Speed: 0.00 M/s, Max Resolution: None
Category: ☘️江苏频道, Name: 溧水新闻综合, Total: 2, Valid: 0, Valid Percent: 0.00%, IPv4: 2, IPv6: 0, Min Delay: -1 ms, Max Speed: 0.00 M/s, Avg Speed: 0.00 M/s, Max Resolution: None
Category: ☘️广西频道, Name: 南宁影视娱乐, Total: 1, Valid: 0, Valid Percent: 0.00%, IPv4: 1, IPv6: 0, Min Delay: -1 ms, Max Speed: 0.00 M/s, Avg Speed: 0.00 M/s, Max Resolution: None
Category: ☘️江苏频道, Name: 淮安影院娱乐, Total: 2, Valid: 0, Valid Percent: 0.00%, IPv4: 2, IPv6: 0, Min Delay: -1 ms, Max Speed: 0.00 M/s, Avg Speed: 0.00 M/s, Max Resolution: None
Category: ☘️四川频道, Name: 乐至综合, Total: 1, Valid: 1, Valid Percent: 100.00%, IPv4: 1, IPv6: 0, Min Delay: 2876 ms, Max Speed: 0.72 M/s, Avg Speed: 0.72 M/s, Max Resolution: 1920x1080
Category: ☘️江苏频道, Name: 淮安新闻综合, Total: 3, Valid: 0, Valid Percent: 0.00%, IPv4: 3, IPv6: 0, Min Delay: -1 ms, Max Speed: 0.00 M/s, Avg Speed: 0.00 M/s, Max Resolution: None
Category: ☘️广西频道, Name: 南宁新闻综合, Total: 1, Valid: 0, Valid Percent: 0.00%, IPv4: 1, IPv6: 0, Min Delay: 10005 ms, Max Speed: 0.00 M/s, Avg Speed: 0.00 M/s, Max Resolution: None
Category: ☘️江苏频道, Name: 连云港新闻综合, Total: 3, Valid: 0, Valid Percent: 0.00%, IPv4: 3, IPv6: 0, Min Delay: -1 ms, Max Speed: 0.00 M/s, Avg Speed: 0.00 M/s, Max Resolution: None
Category: ☘️四川频道, Name: 叙永综合, Total: 4, Valid: 1, Valid Percent: 25.00%, IPv4: 4, IPv6: 0, Min Delay: 2175 ms, Max Speed: 0.53 M/s, Avg Speed: 0.53 M/s, Max Resolution: 1920x1080
Category: ☘️四川频道, Name: 筠连综合, Total: 1, Valid: 0, Valid Percent: 0.00%, IPv4: 1, IPv6: 0, Min Delay: -1 ms, Max Speed: 0.00 M/s, Avg Speed: 0.00 M/s, Max Resolution: None
Category: ☘️四川频道, Name: 井研综合, Total: 1, Valid: 1, Valid Percent: 100.00%, IPv4: 1, IPv6: 0, Min Delay: 3697 ms, Max Speed: 0.51 M/s, Avg Speed: 0.51 M/s, Max Resolution: 1920x1080
Category: ☘️四川频道, Name: 名山综合, Total: 1, Valid: 1, Valid Percent: 100.00%, IPv4: 1, IPv6: 0, Min Delay: 985 ms, Max Speed: 0.15 M/s, Avg Speed: 0.15 M/s, Max Resolution: None
Category: ☘️四川频道, Name: 青川综合, Total: 1, Valid: 1, Valid Percent: 100.00%, IPv4: 1, IPv6: 0, Min Delay: 2396 ms, Max Speed: 0.72 M/s, Avg Speed: 0.72 M/s, Max Resolution: 1920x1080
Category: ☘️陕西频道, Name: 陕西体育休闲, Total: 1, Valid: 0, Valid Percent: 0.00%, IPv4: 1, IPv6: 0, Min Delay: -1 ms, Max Speed: 0.00 M/s, Avg Speed: 0.00 M/s, Max Resolution: None
Category: ☘️湖南频道, Name: 衡阳新闻综合, Total: 1, Valid: 1, Valid Percent: 100.00%, IPv4: 1, IPv6: 0, Min Delay: 10397 ms, Max Speed: 0.01 M/s, Avg Speed: 0.01 M/s, Max Resolution: None
Category: ☘️福建频道, Name: 厦门卫视, Total: 2, Valid: 1, Valid Percent: 50.00%, IPv4: 2, IPv6: 0, Min Delay: 2433 ms, Max Speed: 0.11 M/s, Avg Speed: 0.11 M/s, Max Resolution: 1280x720
Category: ☘️河南频道, Name: 临颍综合, Total: 1, Valid: 0, Valid Percent: 0.00%, IPv4: 1, IPv6: 0, Min Delay: -1 ms, Max Speed: 0.00 M/s, Avg Speed: 0.00 M/s, Max Resolution: None
Category: ☘️河南频道, Name: 义马新闻综合, Total: 2, Valid: 0, Valid Percent: 0.00%, IPv4: 2, IPv6: 0, Min Delay: -1 ms, Max Speed: 0.00 M/s, Avg Speed: 0.00 M/s, Max Resolution: None
Category: ☘️河南频道, Name: 光山综合, Total: 2, Valid: 0, Valid Percent: 0.00%, IPv4: 2, IPv6: 0, Min Delay: -1 ms, Max Speed: 0.00 M/s, Avg Speed: 0.00 M/s, Max Resolution: None
Category: ☘️河南频道, Name: 兰考新闻, Total: 3, Valid: 0, Valid Percent: 0.00%, IPv4: 3, IPv6: 0, Min Delay: -1 ms, Max Speed: 0.00 M/s, Avg Speed: 0.00 M/s, Max Resolution: None
Category: ☘️河南频道, Name: 卫辉综合, Total: 3, Valid: 0, Valid Percent: 0.00%, IPv4: 3, IPv6: 0, Min Delay: -1 ms, Max Speed: 0.00 M/s, Avg Speed: 0.00 M/s, Max Resolution: None
Category: ☘️河南频道, Name: 叶县, Total: 2, Valid: 0, Valid Percent: 0.00%, IPv4: 2, IPv6: 0, Min Delay: -1 ms, Max Speed: 0.00 M/s, Avg Speed: 0.00 M/s, Max Resolution: None
Category: ☘️湖南频道, Name: 湖南金鹰纪实, Total: 1, Valid: 0, Valid Percent: 0.00%, IPv4: 1, IPv6: 0, Min Delay: -1 ms, Max Speed: 0.00 M/s, Avg Speed: 0.00 M/s, Max Resolution: None
Category: ☘️河南频道, Name: 唐河一套, Total: 3, Valid: 0, Valid Percent: 0.00%, IPv4: 3, IPv6: 0, Min Delay: -1 ms, Max Speed: 0.00 M/s, Avg Speed: 0.00 M/s, Max Resolution: None
Category: ☘️河南频道, Name: 固始综合, Total: 2, Valid: 0, Valid Percent: 0.00%, IPv4: 2, IPv6: 0, Min Delay: -1 ms, Max Speed: 0.00 M/s, Avg Speed: 0.00 M/s, Max Resolution: None
Category: ☘️河南频道, Name: 宝丰综合, Total: 3, Valid: 0, Valid Percent: 0.00%, IPv4: 3, IPv6: 0, Min Delay: -1 ms, Max Speed: 0.00 M/s, Avg Speed: 0.00 M/s, Max Resolution: None
Category: ☘️河南频道, Name: 巩义新闻综合, Total: 3, Valid: 0, Valid Percent: 0.00%, IPv4: 3, IPv6: 0, Min Delay: -1 ms, Max Speed: 0.00 M/s, Avg Speed: 0.00 M/s, Max Resolution: None
Category: ☘️河南频道, Name: 扶沟综合, Total: 3, Valid: 0, Valid Percent: 0.00%, IPv4: 3, IPv6: 0, Min Delay: -1 ms, Max Speed: 0.00 M/s, Avg Speed: 0.00 M/s, Max Resolution: None
Category: ☘️河南频道, Name: 新乡县电视台, Total: 1, Valid: 0, Valid Percent: 0.00%, IPv4: 1, IPv6: 0, Min Delay: -1 ms, Max Speed: 0.00 M/s, Avg Speed: 0.00 M/s, Max Resolution: None
Category: ☘️河南频道, Name: 新县综合, Total: 2, Valid: 0, Valid Percent: 0.00%, IPv4: 2, IPv6: 0, Min Delay: -1 ms, Max Speed: 0.00 M/s, Avg Speed: 0.00 M/s, Max Resolution: None
Category: ☘️河南频道, Name: 新蔡综合, Total: 3, Valid: 0, Valid Percent: 0.00%, IPv4: 3, IPv6: 0, Min Delay: -1 ms, Max Speed: 0.00 M/s, Avg Speed: 0.00 M/s, Max Resolution: None
Category: ☘️河南频道, Name: 桐柏新闻综合, Total: 1, Valid: 0, Valid Percent: 0.00%, IPv4: 1, IPv6: 0, Min Delay: -1 ms, Max Speed: 0.00 M/s, Avg Speed: 0.00 M/s, Max Resolution: None
Category: ☘️河南频道, Name: 泌阳新闻综合, Total: 2, Valid: 0, Valid Percent: 0.00%, IPv4: 2, IPv6: 0, Min Delay: -1 ms, Max Speed: 0.00 M/s, Avg Speed: 0.00 M/s, Max Resolution: None
Category: ☘️河南频道, Name: 渑池新闻综合, Total: 2, Valid: 0, Valid Percent: 0.00%, IPv4: 2, IPv6: 0, Min Delay: -1 ms, Max Speed: 0.00 M/s, Avg Speed: 0.00 M/s, Max Resolution: None
Category: ☘️河南频道, Name: 温县综合, Total: 3, Valid: 0, Valid Percent: 0.00%, IPv4: 3, IPv6: 0, Min Delay: -1 ms, Max Speed: 0.00 M/s, Avg Speed: 0.00 M/s, Max Resolution: None
Category: ☘️河南频道, Name: 潢川综合, Total: 2, Valid: 0, Valid Percent: 0.00%, IPv4: 2, IPv6: 0, Min Delay: -1 ms, Max Speed: 0.00 M/s, Avg Speed: 0.00 M/s, Max Resolution: None
Category: ☘️河南频道, Name: 登封综合, Total: 2, Valid: 0, Valid Percent: 0.00%, IPv4: 2, IPv6: 0, Min Delay: -1 ms, Max Speed: 0.00 M/s, Avg Speed: 0.00 M/s, Max Resolution: None
Category: ☘️河南频道, Name: 禹州综合, Total: 1, Valid: 0, Valid Percent: 0.00%, IPv4: 1, IPv6: 0, Min Delay: -1 ms, Max Speed: 0.00 M/s, Avg Speed: 0.00 M/s, Max Resolution: None
Category: ☘️河南频道, Name: 西华综合, Total: 3, Valid: 0, Valid Percent: 0.00%, IPv4: 3, IPv6: 0, Min Delay: -1 ms, Max Speed: 0.00 M/s, Avg Speed: 0.00 M/s, Max Resolution: None
Category: ☘️河南频道, Name: 郏县综合, Total: 3, Valid: 0, Valid Percent: 0.00%, IPv4: 3, IPv6: 0, Min Delay: -1 ms, Max Speed: 0.00 M/s, Avg Speed: 0.00 M/s, Max Resolution: None
Category: ☘️河南频道, Name: 郸城新闻综合, Total: 3, Valid: 0, Valid Percent: 0.00%, IPv4: 3, IPv6: 0, Min Delay: -1 ms, Max Speed: 0.00 M/s, Avg Speed: 0.00 M/s, Max Resolution: None
Category: ☘️河南频道, Name: 鄢陵综合, Total: 2, Valid: 0, Valid Percent: 0.00%, IPv4: 2, IPv6: 0, Min Delay: -1 ms, Max Speed: 0.00 M/s, Avg Speed: 0.00 M/s, Max Resolution: None
Category: ☘️河南频道, Name: 梨园, Total: 1, Valid: 1, Valid Percent: 100.00%, IPv4: 1, IPv6: 0, Min Delay: 2078 ms, Max Speed: 0.74 M/s, Avg Speed: 0.74 M/s, Max Resolution: 1920x1080
Category: ☘️河南频道, Name: 邓州新闻, Total: 1, Valid: 0, Valid Percent: 0.00%, IPv4: 1, IPv6: 0, Min Delay: -1 ms, Max Speed: 0.00 M/s, Avg Speed: 0.00 M/s, Max Resolution: None
Category: ☘️河南频道, Name: 荥阳综合, Total: 3, Valid: 0, Valid Percent: 0.00%, IPv4: 3, IPv6: 0, Min Delay: -1 ms, Max Speed: 0.00 M/s, Avg Speed: 0.00 M/s, Max Resolution: None
Category: ☘️河南频道, Name: 禹州公共, Total: 1, Valid: 0, Valid Percent: 0.00%, IPv4: 1, IPv6: 0, Min Delay: -1 ms, Max Speed: 0.00 M/s, Avg Speed: 0.00 M/s, Max Resolution: None
Category: ☘️河南频道, Name: 灵宝新闻综合, Total: 1, Valid: 0, Valid Percent: 0.00%, IPv4: 1, IPv6: 0, Min Delay: -1 ms, Max Speed: 0.00 M/s, Avg Speed: 0.00 M/s, Max Resolution: None
Category: ☘️河南频道, Name: 滑县新闻, Total: 1, Valid: 0, Valid Percent: 0.00%, IPv4: 1, IPv6: 0, Min Delay: -1 ms, Max Speed: 0.00 M/s, Avg Speed: 0.00 M/s, Max Resolution: None
Category: ☘️河南频道, Name: 济源电视一套, Total: 2, Valid: 0, Valid Percent: 0.00%, IPv4: 2, IPv6: 0, Min Delay: -1 ms, Max Speed: 0.00 M/s, Avg Speed: 0.00 M/s, Max Resolution: None
Category: ☘️四川频道, Name: 什邡新闻, Total: 1, Valid: 0, Valid Percent: 0.00%, IPv4: 1, IPv6: 0, Min Delay: -1 ms, Max Speed: 0.00 M/s, Avg Speed: 0.00 M/s, Max Resolution: None
Category: ☘️四川频道, Name: 仁寿综合, Total: 1, Valid: 0, Valid Percent: 0.00%, IPv4: 1, IPv6: 0, Min Delay: -1 ms, Max Speed: 0.00 M/s, Avg Speed: 0.00 M/s, Max Resolution: None
Category: ☘️河南频道, Name: 沁阳新闻综合, Total: 1, Valid: 0, Valid Percent: 0.00%, IPv4: 1, IPv6: 0, Min Delay: -1 ms, Max Speed: 0.00 M/s, Avg Speed: 0.00 M/s, Max Resolution: None
Category: ☘️河南频道, Name: 永城综合, Total: 1, Valid: 0, Valid Percent: 0.00%, IPv4: 1, IPv6: 0, Min Delay: -1 ms, Max Speed: 0.00 M/s, Avg Speed: 0.00 M/s, Max Resolution: None
Category: ☘️河南频道, Name: 方城一套, Total: 2, Valid: 0, Valid Percent: 0.00%, IPv4: 2, IPv6: 0, Min Delay: -1 ms, Max Speed: 0.00 M/s, Avg Speed: 0.00 M/s, Max Resolution: None
Category: ☘️河南频道, Name: 新野综合, Total: 3, Valid: 0, Valid Percent: 0.00%, IPv4: 3, IPv6: 0, Min Delay: -1 ms, Max Speed: 0.00 M/s, Avg Speed: 0.00 M/s, Max Resolution: None
Category: ☘️河南频道, Name: 新安新闻综合, Total: 3, Valid: 0, Valid Percent: 0.00%, IPv4: 3, IPv6: 0, Min Delay: -1 ms, Max Speed: 0.00 M/s, Avg Speed: 0.00 M/s, Max Resolution: None
Category: ☘️河南频道, Name: 开封新闻综合, Total: 1, Valid: 0, Valid Percent: 0.00%, IPv4: 1, IPv6: 0, Min Delay: -1 ms, Max Speed: 0.00 M/s, Avg Speed: 0.00 M/s, Max Resolution: None
Category: ☘️陕西频道, Name: 陕西都市青春, Total: 2, Valid: 0, Valid Percent: 0.00%, IPv4: 2, IPv6: 0, Min Delay: -1 ms, Max Speed: 0.00 M/s, Avg Speed: 0.00 M/s, Max Resolution: None
Category: ☘️陕西频道, Name: 陕西新闻资讯, Total: 2, Valid: 0, Valid Percent: 0.00%, IPv4: 2, IPv6: 0, Min Delay: -1 ms, Max Speed: 0.00 M/s, Avg Speed: 0.00 M/s, Max Resolution: None
Category: ☘️河南频道, Name: 嵩县综合新闻, Total: 1, Valid: 0, Valid Percent: 0.00%, IPv4: 1, IPv6: 0, Min Delay: -1 ms, Max Speed: 0.00 M/s, Avg Speed: 0.00 M/s, Max Resolution: None
Category: ☘️河南频道, Name: 宜阳综合, Total: 3, Valid: 0, Valid Percent: 0.00%, IPv4: 3, IPv6: 0, Min Delay: -1 ms, Max Speed: 0.00 M/s, Avg Speed: 0.00 M/s, Max Resolution: None
Category: ☘️河南频道, Name: 内黄综合, Total: 3, Valid: 0, Valid Percent: 0.00%, IPv4: 3, IPv6: 0, Min Delay: -1 ms, Max Speed: 0.00 M/s, Avg Speed: 0.00 M/s, Max Resolution: None
Category: ☘️河南频道, Name: 内乡综合, Total: 1, Valid: 0, Valid Percent: 0.00%, IPv4: 1, IPv6: 0, Min Delay: -1 ms, Max Speed: 0.00 M/s, Avg Speed: 0.00 M/s, Max Resolution: None
Category: ☘️四川频道, Name: 夹江新闻综合, Total: 2, Valid: 0, Valid Percent: 0.00%, IPv4: 2, IPv6: 0, Min Delay: -1 ms, Max Speed: 0.00 M/s, Avg Speed: 0.00 M/s, Max Resolution: None
Category: ☘️四川频道, Name: 青神综合, Total: 1, Valid: 0, Valid Percent: 0.00%, IPv4: 1, IPv6: 0, Min Delay: -1 ms, Max Speed: 0.00 M/s, Avg Speed: 0.00 M/s, Max Resolution: None
Category: ☘️河北频道, Name: 河北都市, Total: 1, Valid: 1, Valid Percent: 100.00%, IPv4: 1, IPv6: 0, Min Delay: 989 ms, Max Speed: 0.10 M/s, Avg Speed: 0.10 M/s, Max Resolution: None
Category: ☘️河南频道, Name: 河南民生, Total: 1, Valid: 0, Valid Percent: 0.00%, IPv4: 1, IPv6: 0, Min Delay: -1 ms, Max Speed: 0.00 M/s, Avg Speed: 0.00 M/s, Max Resolution: None
Category: ☘️河南频道, Name: 河南都市, Total: 2, Valid: 0, Valid Percent: 0.00%, IPv4: 2, IPv6: 0, Min Delay: -1 ms, Max Speed: 0.00 M/s, Avg Speed: 0.00 M/s, Max Resolution: None
Category: ☘️甘肃频道, Name: 永昌综合, Total: 2, Valid: 1, Valid Percent: 50.00%, IPv4: 2, IPv6: 0, Min Delay: 1886 ms, Max Speed: 0.91 M/s, Avg Speed: 0.91 M/s, Max Resolution: 1920x1080
Category: ☘️河南频道, Name: 周口扶沟, Total: 1, Valid: 0, Valid Percent: 0.00%, IPv4: 1, IPv6: 0, Min Delay: -1 ms, Max Speed: 0.00 M/s, Avg Speed: 0.00 M/s, Max Resolution: None
Category: ☘️甘肃频道, Name: 嘉峪关综合, Total: 1, Valid: 1, Valid Percent: 100.00%, IPv4: 1, IPv6: 0, Min Delay: 2049 ms, Max Speed: 0.89 M/s, Avg Speed: 0.89 M/s, Max Resolution: 1920x1080
Category: ☘️河南频道, Name: 项城新闻, Total: 3, Valid: 0, Valid Percent: 0.00%, IPv4: 3, IPv6: 0, Min Delay: -1 ms, Max Speed: 0.00 M/s, Avg Speed: 0.00 M/s, Max Resolution: None
Category: ☘️甘肃频道, Name: 白银综合, Total: 2, Valid: 2, Valid Percent: 100.00%, IPv4: 2, IPv6: 0, Min Delay: 2308 ms, Max Speed: 0.75 M/s, Avg Speed: 0.71 M/s, Max Resolution: 1920x1080
Category: ☘️河南频道, Name: 开封文化旅游, Total: 4, Valid: 0, Valid Percent: 0.00%, IPv4: 4, IPv6: 0, Min Delay: -1 ms, Max Speed: 0.00 M/s, Avg Speed: 0.00 M/s, Max Resolution: None
Category: ☘️河南频道, Name: 偃师新闻, Total: 3, Valid: 0, Valid Percent: 0.00%, IPv4: 3, IPv6: 0, Min Delay: -1 ms, Max Speed: 0.00 M/s, Avg Speed: 0.00 M/s, Max Resolution: None
Category: ☘️贵州频道, Name: 贵州移动电视, Total: 1, Valid: 0, Valid Percent: 0.00%, IPv4: 1, IPv6: 0, Min Delay: -1 ms, Max Speed: 0.00 M/s, Avg Speed: 0.00 M/s, Max Resolution: None
Category: ☘️甘肃频道, Name: 秦安综合, Total: 3, Valid: 1, Valid Percent: 33.33%, IPv4: 3, IPv6: 0, Min Delay: 2991 ms, Max Speed: 0.46 M/s, Avg Speed: 0.46 M/s, Max Resolution: 1280x720
Category: ☘️新疆频道, Name: 哈密一套, Total: 1, Valid: 0, Valid Percent: 0.00%, IPv4: 1, IPv6: 0, Min Delay: -1 ms, Max Speed: 0.00 M/s, Avg Speed: 0.00 M/s, Max Resolution: None
Category: ☘️新疆频道, Name: 哈密二套, Total: 1, Valid: 0, Valid Percent: 0.00%, IPv4: 1, IPv6: 0, Min Delay: -1 ms, Max Speed: 0.00 M/s, Avg Speed: 0.00 M/s, Max Resolution: None
Category: ☘️新疆频道, Name: 哈密三套, Total: 1, Valid: 0, Valid Percent: 0.00%, IPv4: 1, IPv6: 0, Min Delay: -1 ms, Max Speed: 0.00 M/s, Avg Speed: 0.00 M/s, Max Resolution: None
Category: ☘️新疆频道, Name: 玛纳斯综合, Total: 2, Valid: 2, Valid Percent: 100.00%, IPv4: 2, IPv6: 0, Min Delay: 1739 ms, Max Speed: 0.21 M/s, Avg Speed: 0.15 M/s, Max Resolution: 1920x1080
Category: ☘️新疆频道, Name: 伊犁维吾尔, Total: 2, Valid: 2, Valid Percent: 100.00%, IPv4: 2, IPv6: 0, Min Delay: 10088 ms, Max Speed: 0.68 M/s, Avg Speed: 0.38 M/s, Max Resolution: 1920x1080
Category: ☘️新疆频道, Name: 伊犁经济法制, Total: 2, Valid: 2, Valid Percent: 100.00%, IPv4: 2, IPv6: 0, Min Delay: 4201 ms, Max Speed: 0.77 M/s, Avg Speed: 0.75 M/s, Max Resolution: 1920x1080
Category: ☘️新疆频道, Name: 伊犁哈萨克, Total: 2, Valid: 2, Valid Percent: 100.00%, IPv4: 2, IPv6: 0, Min Delay: 5121 ms, Max Speed: 0.78 M/s, Avg Speed: 0.72 M/s, Max Resolution: 1920x1080
Category: ☘️山西频道, Name: 五台综合, Total: 1, Valid: 0, Valid Percent: 0.00%, IPv4: 1, IPv6: 0, Min Delay: -1 ms, Max Speed: 0.00 M/s, Avg Speed: 0.00 M/s, Max Resolution: None
Category: ☘️山西频道, Name: 大宁综合, Total: 1, Valid: 1, Valid Percent: 100.00%, IPv4: 1, IPv6: 0, Min Delay: 1125 ms, Max Speed: 0.07 M/s, Avg Speed: 0.07 M/s, Max Resolution: None
Category: ☘️新疆频道, Name: 可克达拉综合, Total: 2, Valid: 1, Valid Percent: 50.00%, IPv4: 2, IPv6: 0, Min Delay: 1713 ms, Max Speed: 0.08 M/s, Avg Speed: 0.08 M/s, Max Resolution: 1920x1080
Category: ☘️山西频道, Name: 汾西综合, Total: 1, Valid: 1, Valid Percent: 100.00%, IPv4: 1, IPv6: 0, Min Delay: 1810 ms, Max Speed: 0.35 M/s, Avg Speed: 0.35 M/s, Max Resolution: 1920x1080
Category: ☘️山东频道, Name: 烟台公共, Total: 2, Valid: 0, Valid Percent: 0.00%, IPv4: 2, IPv6: 0, Min Delay: -1 ms, Max Speed: 0.00 M/s, Avg Speed: 0.00 M/s, Max Resolution: None
Category: ☘️山东频道, Name: 烟台新闻综合, Total: 2, Valid: 0, Valid Percent: 0.00%, IPv4: 2, IPv6: 0, Min Delay: -1 ms, Max Speed: 0.00 M/s, Avg Speed: 0.00 M/s, Max Resolution: None
Category: ☘️山西频道, Name: 黎城综合, Total: 1, Valid: 0, Valid Percent: 0.00%, IPv4: 1, IPv6: 0, Min Delay: -1 ms, Max Speed: 0.00 M/s, Avg Speed: 0.00 M/s, Max Resolution: None
Category: ☘️山东频道, Name: 烟台经济科技, Total: 2, Valid: 0, Valid Percent: 0.00%, IPv4: 2, IPv6: 0, Min Delay: -1 ms, Max Speed: 0.00 M/s, Avg Speed: 0.00 M/s, Max Resolution: None
Category: ☘️山西频道, Name: 怀仁综合, Total: 2, Valid: 2, Valid Percent: 100.00%, IPv4: 2, IPv6: 0, Min Delay: 1961 ms, Max Speed: 0.25 M/s, Avg Speed: 0.23 M/s, Max Resolution: 1920x1080
Category: ☘️安徽频道, Name: 固镇新闻, Total: 1, Valid: 1, Valid Percent: 100.00%, IPv4: 1, IPv6: 0, Min Delay: 2677 ms, Max Speed: 0.40 M/s, Avg Speed: 0.40 M/s, Max Resolution: 1920x1080
Category: ☘️山西频道, Name: 平遥新闻综合, Total: 1, Valid: 1, Valid Percent: 100.00%, IPv4: 1, IPv6: 0, Min Delay: 1017 ms, Max Speed: 0.00 M/s, Avg Speed: 0.00 M/s, Max Resolution: None
Category: ☘️安徽频道, Name: 祁门综合, Total: 3, Valid: 0, Valid Percent: 0.00%, IPv4: 3, IPv6: 0, Min Delay: 3979 ms, Max Speed: 0.00 M/s, Avg Speed: 0.00 M/s, Max Resolution: 1920x1080
Category: ☘️吉林频道, Name: 靖宇综合, Total: 1, Valid: 1, Valid Percent: 100.00%, IPv4: 1, IPv6: 0, Min Delay: 589 ms, Max Speed: 0.06 M/s, Avg Speed: 0.06 M/s, Max Resolution: None
Category: ☘️吉林频道, Name: 延边卫视, Total: 2, Valid: 1, Valid Percent: 50.00%, IPv4: 2, IPv6: 0, Min Delay: 399 ms, Max Speed: 7.13 M/s, Avg Speed: 7.13 M/s, Max Resolution: 1920x1080
Category: ☘️吉林频道, Name: 龙井综合, Total: 1, Valid: 1, Valid Percent: 100.00%, IPv4: 1, IPv6: 0, Min Delay: 617 ms, Max Speed: 0.06 M/s, Avg Speed: 0.06 M/s, Max Resolution: None
Category: ☘️吉林频道, Name: 梅河口综合, Total: 1, Valid: 1, Valid Percent: 100.00%, IPv4: 1, IPv6: 0, Min Delay: 626 ms, Max Speed: 0.06 M/s, Avg Speed: 0.06 M/s, Max Resolution: None
Category: ☘️吉林频道, Name: 桦甸综合, Total: 1, Valid: 1, Valid Percent: 100.00%, IPv4: 1, IPv6: 0, Min Delay: 668 ms, Max Speed: 0.06 M/s, Avg Speed: 0.06 M/s, Max Resolution: None
Category: ☘️吉林频道, Name: 柳河综合, Total: 1, Valid: 1, Valid Percent: 100.00%, IPv4: 1, IPv6: 0, Min Delay: 832 ms, Max Speed: 0.05 M/s, Avg Speed: 0.05 M/s, Max Resolution: None
Category: ☘️吉林频道, Name: 通化县综合, Total: 1, Valid: 1, Valid Percent: 100.00%, IPv4: 1, IPv6: 0, Min Delay: 1275 ms, Max Speed: 0.04 M/s, Avg Speed: 0.04 M/s, Max Resolution: None
Category: ☘️黑龙江频道, Name: 哈尔滨生活, Total: 1, Valid: 0, Valid Percent: 0.00%, IPv4: 1, IPv6: 0, Min Delay: -1 ms, Max Speed: 0.00 M/s, Avg Speed: 0.00 M/s, Max Resolution: None
Category: ☘️山西频道, Name: 长子综合, Total: 2, Valid: 1, Valid Percent: 50.00%, IPv4: 2, IPv6: 0, Min Delay: 10937 ms, Max Speed: 0.33 M/s, Avg Speed: 0.33 M/s, Max Resolution: 1920x1080
Category: ☘️吉林频道, Name: 德惠综合, Total: 1, Valid: 0, Valid Percent: 0.00%, IPv4: 1, IPv6: 0, Min Delay: -1 ms, Max Speed: 0.00 M/s, Avg Speed: 0.00 M/s, Max Resolution: None
Category: ☘️吉林频道, Name: 磐石综合, Total: 4, Valid: 1, Valid Percent: 25.00%, IPv4: 4, IPv6: 0, Min Delay: 1392 ms, Max Speed: 0.04 M/s, Avg Speed: 0.04 M/s, Max Resolution: None
Category: ☘️吉林频道, Name: 东丰综合, Total: 2, Valid: 1, Valid Percent: 50.00%, IPv4: 2, IPv6: 0, Min Delay: 650 ms, Max Speed: 0.06 M/s, Avg Speed: 0.06 M/s, Max Resolution: None
Category: ☘️吉林频道, Name: 双辽综合, Total: 2, Valid: 1, Valid Percent: 50.00%, IPv4: 2, IPv6: 0, Min Delay: 622 ms, Max Speed: 0.06 M/s, Avg Speed: 0.06 M/s, Max Resolution: None
Category: ☘️吉林频道, Name: 辉南新闻综合, Total: 1, Valid: 0, Valid Percent: 0.00%, IPv4: 1, IPv6: 0, Min Delay: -1 ms, Max Speed: 0.00 M/s, Avg Speed: 0.00 M/s, Max Resolution: None
Category: ☘️云南频道, Name: 麻栗坡电视台, Total: 1, Valid: 0, Valid Percent: 0.00%, IPv4: 1, IPv6: 0, Min Delay: -1 ms, Max Speed: 0.00 M/s, Avg Speed: 0.00 M/s, Max Resolution: None
Category: ☘️云南频道, Name: 陇川综合, Total: 1, Valid: 0, Valid Percent: 0.00%, IPv4: 1, IPv6: 0, Min Delay: -1 ms, Max Speed: 0.00 M/s, Avg Speed: 0.00 M/s, Max Resolution: None
Category: ☘️青海频道, Name: 青海综合, Total: 1, Valid: 0, Valid Percent: 0.00%, IPv4: 1, IPv6: 0, Min Delay: -1 ms, Max Speed: 0.00 M/s, Avg Speed: 0.00 M/s, Max Resolution: None
Category: 🌊港·澳·台, Name: 凤凰香港, Total: 2, Valid: 0, Valid Percent: 0.00%, IPv4: 2, IPv6: 0, Min Delay: -1 ms, Max Speed: 0.00 M/s, Avg Speed: 0.00 M/s, Max Resolution: None
Category: 🌊港·澳·台, Name: 凤凰卫视, Total: 2, Valid: 0, Valid Percent: 0.00%, IPv4: 2, IPv6: 0, Min Delay: -1 ms, Max Speed: 0.00 M/s, Avg Speed: 0.00 M/s, Max Resolution: None
Category: 🌊港·澳·台, Name: 纬来体育, Total: 2, Valid: 0, Valid Percent: 0.00%, IPv4: 2, IPv6: 0, Min Delay: -1 ms, Max Speed: 0.00 M/s, Avg Speed: 0.00 M/s, Max Resolution: None
Category: 🌊港·澳·台, Name: 凤凰资讯, Total: 3, Valid: 1, Valid Percent: 33.33%, IPv4: 3, IPv6: 0, Min Delay: 457 ms, Max Speed: 0.28 M/s, Avg Speed: 0.28 M/s, Max Resolution: None
Category: 🌊港·澳·台, Name: 纬来育乐, Total: 2, Valid: 0, Valid Percent: 0.00%, IPv4: 2, IPv6: 0, Min Delay: -1 ms, Max Speed: 0.00 M/s, Avg Speed: 0.00 M/s, Max Resolution: None
Category: 🌊港·澳·台, Name: Viutv, Total: 1, Valid: 0, Valid Percent: 0.00%, IPv4: 1, IPv6: 0, Min Delay: -1 ms, Max Speed: 0.00 M/s, Avg Speed: 0.00 M/s, Max Resolution: None
Category: 🌊港·澳·台, Name: 东森综合, Total: 1, Valid: 0, Valid Percent: 0.00%, IPv4: 1, IPv6: 0, Min Delay: -1 ms, Max Speed: 0.00 M/s, Avg Speed: 0.00 M/s, Max Resolution: None
Category: 🌊港·澳·台, Name: TVBS亚洲, Total: 2, Valid: 1, Valid Percent: 50.00%, IPv4: 2, IPv6: 0, Min Delay: 1666 ms, Max Speed: 0.85 M/s, Avg Speed: 0.85 M/s, Max Resolution: 1920x1080
Category: 🌊港·澳·台, Name: 东森电影, Total: 2, Valid: 0, Valid Percent: 0.00%, IPv4: 2, IPv6: 0, Min Delay: -1 ms, Max Speed: 0.00 M/s, Avg Speed: 0.00 M/s, Max Resolution: None
Category: 🌊港·澳·台, Name: 东森超视, Total: 2, Valid: 1, Valid Percent: 50.00%, IPv4: 2, IPv6: 0, Min Delay: 1959 ms, Max Speed: 0.75 M/s, Avg Speed: 0.75 M/s, Max Resolution: 1920x1080
Category: ☘️黑龙江频道, Name: 七台河新闻综合, Total: 2, Valid: 0, Valid Percent: 0.00%, IPv4: 2, IPv6: 0, Min Delay: -1 ms, Max Speed: 0.00 M/s, Avg Speed: 0.00 M/s, Max Resolution: None
Category: 🎬电影频道, Name: 淘剧场, Total: 2, Valid: 0, Valid Percent: 0.00%, IPv4: 2, IPv6: 0, Min Delay: -1 ms, Max Speed: 0.00 M/s, Avg Speed: 0.00 M/s, Max Resolution: None
Category: 🎬电影频道, Name: 淘娱乐, Total: 2, Valid: 0, Valid Percent: 0.00%, IPv4: 2, IPv6: 0, Min Delay: -1 ms, Max Speed: 0.00 M/s, Avg Speed: 0.00 M/s, Max Resolution: None
Category: ☘️黑龙江频道, Name: 甘南县综合, Total: 1, Valid: 0, Valid Percent: 0.00%, IPv4: 1, IPv6: 0, Min Delay: -1 ms, Max Speed: 0.00 M/s, Avg Speed: 0.00 M/s, Max Resolution: None
Category: 🌊港·澳·台, Name: 翡翠台, Total: 2, Valid: 1, Valid Percent: 50.00%, IPv4: 2, IPv6: 0, Min Delay: 366 ms, Max Speed: 2.36 M/s, Avg Speed: 2.36 M/s, Max Resolution: 1920x1080
Category: 🌊港·澳·台, Name: 明珠台, Total: 2, Valid: 0, Valid Percent: 0.00%, IPv4: 2, IPv6: 0, Min Delay: -1 ms, Max Speed: 0.00 M/s, Avg Speed: 0.00 M/s, Max Resolution: None
Category: 🎬电影频道, Name: 经典电影, Total: 2, Valid: 0, Valid Percent: 0.00%, IPv4: 2, IPv6: 0, Min Delay: -1 ms, Max Speed: 0.00 M/s, Avg Speed: 0.00 M/s, Max Resolution: None
Category: 🎬电影频道, Name: CHC高清电影, Total: 3, Valid: 2, Valid Percent: 66.67%, IPv4: 3, IPv6: 0, Min Delay: 1997 ms, Max Speed: 0.28 M/s, Avg Speed: 0.19 M/s, Max Resolution: 1920x1080
Category: 🌊港·澳·台, Name: 凤凰中文, Total: 5, Valid: 1, Valid Percent: 20.00%, IPv4: 5, IPv6: 0, Min Delay: 735 ms, Max Speed: 0.09 M/s, Avg Speed: 0.09 M/s, Max Resolution: None
Category: 🎬电影频道, Name: 星空卫视, Total: 1, Valid: 0, Valid Percent: 0.00%, IPv4: 1, IPv6: 0, Min Delay: -1 ms, Max Speed: 0.00 M/s, Avg Speed: 0.00 M/s, Max Resolution: None
Category: 🌊港·澳·台, Name: 三立新闻, Total: 2, Valid: 0, Valid Percent: 0.00%, IPv4: 2, IPv6: 0, Min Delay: -1 ms, Max Speed: 0.00 M/s, Avg Speed: 0.00 M/s, Max Resolution: None
Category: 🏀体育频道, Name: CCTV-5, Total: 1, Valid: 0, Valid Percent: 0.00%, IPv4: 1, IPv6: 0, Min Delay: -1 ms, Max Speed: 0.00 M/s, Avg Speed: 0.00 M/s, Max Resolution: None
Category: 🌊港·澳·台, Name: 靖天资讯, Total: 6, Valid: 0, Valid Percent: 0.00%, IPv4: 6, IPv6: 0, Min Delay: -1 ms, Max Speed: 0.00 M/s, Avg Speed: 0.00 M/s, Max Resolution: None
Category: 🏀体育频道, Name: 睛彩广场舞, Total: 2, Valid: 0, Valid Percent: 0.00%, IPv4: 2, IPv6: 0, Min Delay: -1 ms, Max Speed: 0.00 M/s, Avg Speed: 0.00 M/s, Max Resolution: None
Category: 🏀体育频道, Name: 天元围棋, Total: 1, Valid: 0, Valid Percent: 0.00%, IPv4: 1, IPv6: 0, Min Delay: -1 ms, Max Speed: 0.00 M/s, Avg Speed: 0.00 M/s, Max Resolution: None
Category: 🏀体育频道, Name: 快乐垂钓, Total: 2, Valid: 0, Valid Percent: 0.00%, IPv4: 2, IPv6: 0, Min Delay: -1 ms, Max Speed: 0.00 M/s, Avg Speed: 0.00 M/s, Max Resolution: None
Category: 🏀体育频道, Name: JJ斗地主, Total: 1, Valid: 0, Valid Percent: 0.00%, IPv4: 1, IPv6: 0, Min Delay: -1 ms, Max Speed: 0.00 M/s, Avg Speed: 0.00 M/s, Max Resolution: None
Category: 🪁动画频道, Name: 新动漫, Total: 1, Valid: 0, Valid Percent: 0.00%, IPv4: 1, IPv6: 0, Min Delay: -1 ms, Max Speed: 0.00 M/s, Avg Speed: 0.00 M/s, Max Resolution: None
Category: 🪁动画频道, Name: 金鹰卡通, Total: 2, Valid: 0, Valid Percent: 0.00%, IPv4: 2, IPv6: 0, Min Delay: -1 ms, Max Speed: 0.00 M/s, Avg Speed: 0.00 M/s, Max Resolution: None
Category: 🪁动画频道, Name: 七龙珠, Total: 2, Valid: 0, Valid Percent: 0.00%, IPv4: 2, IPv6: 0, Min Delay: -1 ms, Max Speed: 0.00 M/s, Avg Speed: 0.00 M/s, Max Resolution: None
Category: 🪁动画频道, Name: 中华小当家, Total: 1, Valid: 0, Valid Percent: 0.00%, IPv4: 1, IPv6: 0, Min Delay: -1 ms, Max Speed: 0.00 M/s, Avg Speed: 0.00 M/s, Max Resolution: None
Category: 🪁动画频道, Name: 猫和老鼠, Total: 2, Valid: 1, Valid Percent: 50.00%, IPv4: 2, IPv6: 0, Min Delay: 8 ms, Max Speed: 0.69 M/s, Avg Speed: 0.69 M/s, Max Resolution: None
Category: 🪁动画频道, Name: 蜡笔小新, Total: 1, Valid: 0, Valid Percent: 0.00%, IPv4: 1, IPv6: 0, Min Delay: -1 ms, Max Speed: 0.00 M/s, Avg Speed: 0.00 M/s, Max Resolution: None
Category: 🎬电影频道, Name: 淘电影, Total: 2, Valid: 0, Valid Percent: 0.00%, IPv4: 2, IPv6: 0, Min Delay: -1 ms, Max Speed: 0.00 M/s, Avg Speed: 0.00 M/s, Max Resolution: None
Category: 🪁动画频道, Name: 漫画解说, Total: 1, Valid: 0, Valid Percent: 0.00%, IPv4: 1, IPv6: 0, Min Delay: -1 ms, Max Speed: 0.00 M/s, Avg Speed: 0.00 M/s, Max Resolution: None
Category: 🎵音乐频道, Name: CCTV-15, Total: 1, Valid: 0, Valid Percent: 0.00%, IPv4: 1, IPv6: 0, Min Delay: -1 ms, Max Speed: 0.00 M/s, Avg Speed: 0.00 M/s, Max Resolution: None
Category: 🎬电影频道, Name: 纬来电影, Total: 4, Valid: 0, Valid Percent: 0.00%, IPv4: 4, IPv6: 0, Min Delay: -1 ms, Max Speed: 0.00 M/s, Avg Speed: 0.00 M/s, Max Resolution: None
Category: 🎵音乐频道, Name: 音乐广播, Total: 10, Valid: 1, Valid Percent: 10.00%, IPv4: 10, IPv6: 0, Min Delay: 7 ms, Max Speed: 0.74 M/s, Avg Speed: 0.74 M/s, Max Resolution: None
Category: 🎵音乐频道, Name: 音乐现场, Total: 2, Valid: 2, Valid Percent: 100.00%, IPv4: 2, IPv6: 0, Min Delay: 44 ms, Max Speed: 2.14 M/s, Avg Speed: 1.95 M/s, Max Resolution: None
Category: 🏛经典剧场, Name: 笑傲江湖, Total: 4, Valid: 0, Valid Percent: 0.00%, IPv4: 4, IPv6: 0, Min Delay: -1 ms, Max Speed: 0.00 M/s, Avg Speed: 0.00 M/s, Max Resolution: None
Category: 🎵音乐频道, Name: 音乐之声, Total: 1, Valid: 1, Valid Percent: 100.00%, IPv4: 1, IPv6: 0, Min Delay: 1072 ms, Max Speed: 0.14 M/s, Avg Speed: 0.14 M/s, Max Resolution: None
Category: 🏛经典剧场, Name: 天龙八部, Total: 3, Valid: 0, Valid Percent: 0.00%, IPv4: 3, IPv6: 0, Min Delay: -1 ms, Max Speed: 0.00 M/s, Avg Speed: 0.00 M/s, Max Resolution: None
Category: 🏛经典剧场, Name: 西游记, Total: 1, Valid: 0, Valid Percent: 0.00%, IPv4: 1, IPv6: 0, Min Delay: -1 ms, Max Speed: 0.00 M/s, Avg Speed: 0.00 M/s, Max Resolution: None
Category: 🏛经典剧场, Name: 仙剑奇侠传, Total: 2, Valid: 0, Valid Percent: 0.00%, IPv4: 2, IPv6: 0, Min Delay: -1 ms, Max Speed: 0.00 M/s, Avg Speed: 0.00 M/s, Max Resolution: None
Category: 🏛经典剧场, Name: 鹿鼎记, Total: 2, Valid: 0, Valid Percent: 0.00%, IPv4: 2, IPv6: 0, Min Delay: -1 ms, Max Speed: 0.00 M/s, Avg Speed: 0.00 M/s, Max Resolution: None
Category: 🏛经典剧场, Name: 济公游记, Total: 1, Valid: 1, Valid Percent: 100.00%, IPv4: 1, IPv6: 0, Min Delay: 8 ms, Max Speed: 0.64 M/s, Avg Speed: 0.64 M/s, Max Resolution: None
Category: 🏛经典剧场, Name: 封神榜, Total: 1, Valid: 0, Valid Percent: 0.00%, IPv4: 1, IPv6: 0, Min Delay: -1 ms, Max Speed: 0.00 M/s, Avg Speed: 0.00 M/s, Max Resolution: None
Category: 🏛经典剧场, Name: 三国演义, Total: 3, Valid: 0, Valid Percent: 0.00%, IPv4: 3, IPv6: 0, Min Delay: -1 ms, Max Speed: 0.00 M/s, Avg Speed: 0.00 M/s, Max Resolution: None
Category: 🏛经典剧场, Name: 新白娘子传奇, Total: 2, Valid: 0, Valid Percent: 0.00%, IPv4: 2, IPv6: 0, Min Delay: -1 ms, Max Speed: 0.00 M/s, Avg Speed: 0.00 M/s, Max Resolution: None
Category: 🏛经典剧场, Name: 上海滩, Total: 1, Valid: 0, Valid Percent: 0.00%, IPv4: 1, IPv6: 0, Min Delay: -1 ms, Max Speed: 0.00 M/s, Avg Speed: 0.00 M/s, Max Resolution: None
Category: 🏛经典剧场, Name: 射雕英雄传, Total: 1, Valid: 1, Valid Percent: 100.00%, IPv4: 1, IPv6: 0, Min Delay: 6 ms, Max Speed: 0.89 M/s, Avg Speed: 0.89 M/s, Max Resolution: None
Category: 🎬电影频道, Name: 靖天映画, Total: 6, Valid: 0, Valid Percent: 0.00%, IPv4: 6, IPv6: 0, Min Delay: -1 ms, Max Speed: 0.00 M/s, Avg Speed: 0.00 M/s, Max Resolution: None
Category: 🎬电影频道, Name: 靖天戏剧, Total: 6, Valid: 0, Valid Percent: 0.00%, IPv4: 6, IPv6: 0, Min Delay: -1 ms, Max Speed: 0.00 M/s, Avg Speed: 0.00 M/s, Max Resolution: None
Category: 🎬电影频道, Name: 天映经典, Total: 4, Valid: 0, Valid Percent: 0.00%, IPv4: 4, IPv6: 0, Min Delay: -1 ms, Max Speed: 0.00 M/s, Avg Speed: 0.00 M/s, Max Resolution: None
Category: 🎬电影频道, Name: 东森洋片, Total: 4, Valid: 0, Valid Percent: 0.00%, IPv4: 4, IPv6: 0, Min Delay: -1 ms, Max Speed: 0.00 M/s, Avg Speed: 0.00 M/s, Max Resolution: None
Category: 🏀体育频道, Name: 超级体育, Total: 1, Valid: 0, Valid Percent: 0.00%, IPv4: 1, IPv6: 0, Min Delay: -1 ms, Max Speed: 0.00 M/s, Avg Speed: 0.00 M/s, Max Resolution: None
Category: 🎵音乐频道, Name: 潮流音乐, Total: 1, Valid: 1, Valid Percent: 100.00%, IPv4: 1, IPv6: 0, Min Delay: 10601 ms, Max Speed: 0.03 M/s, Avg Speed: 0.03 M/s, Max Resolution: None
Category: 🏛经典剧场, Name: 闯关东, Total: 1, Valid: 0, Valid Percent: 0.00%, IPv4: 1, IPv6: 0, Min Delay: -1 ms, Max Speed: 0.00 M/s, Avg Speed: 0.00 M/s, Max Resolution: None
